// Jest Snapshot v1, https://goo.gl/fbAQLP

exports[`QuoterV2 quotes #quoteExactInput 0 -> 2 -> 1 1`] = `282412`;

exports[`QuoterV2 quotes #quoteExactInput 0 -> 2 cross 0 tick, starting tick initialized 1`] = `125180`;

exports[`QuoterV2 quotes #quoteExactInput 0 -> 2 cross 0 tick, starting tick not initialized 1`] = `102345`;

exports[`QuoterV2 quotes #quoteExactInput 0 -> 2 cross 1 tick 1`] = `146107`;

exports[`QuoterV2 quotes #quoteExactInput 0 -> 2 cross 2 tick 1`] = `183704`;

exports[`QuoterV2 quotes #quoteExactInput 0 -> 2 cross 2 tick where after is initialized 1`] = `146145`;

exports[`QuoterV2 quotes #quoteExactInput 2 -> 0 cross 0 tick, starting tick initialized 1`] = `99037`;

exports[`QuoterV2 quotes #quoteExactInput 2 -> 0 cross 0 tick, starting tick not initialized 1`] = `95162`;

exports[`QuoterV2 quotes #quoteExactInput 2 -> 0 cross 2 1`] = `176516`;

exports[`QuoterV2 quotes #quoteExactInput 2 -> 0 cross 2 where tick after is initialized 1`] = `176524`;

exports[`QuoterV2 quotes #quoteExactInput 2 -> 1 1`] = `98712`;

exports[`QuoterV2 quotes #quoteExactInputSingle 0 -> 2 1`] = `183687`;

exports[`QuoterV2 quotes #quoteExactInputSingle 2 -> 0 1`] = `176489`;

exports[`QuoterV2 quotes #quoteExactOutput 0 -> 2 -> 1 1`] = `282012`;

exports[`QuoterV2 quotes #quoteExactOutput 0 -> 2 cross 0 tick starting tick initialized 1`] = `124735`;

exports[`QuoterV2 quotes #quoteExactOutput 0 -> 2 cross 0 tick starting tick not initialized 1`] = `101920`;

exports[`QuoterV2 quotes #quoteExactOutput 0 -> 2 cross 1 tick 1`] = `145393`;

exports[`QuoterV2 quotes #quoteExactOutput 0 -> 2 cross 2 tick 1`] = `182746`;

exports[`QuoterV2 quotes #quoteExactOutput 0 -> 2 cross 2 where tick after is initialized 1`] = `145431`;

exports[`QuoterV2 quotes #quoteExactOutput 2 -> 0 cross 1 tick 1`] = `139241`;

exports[`QuoterV2 quotes #quoteExactOutput 2 -> 0 cross 2 ticks 1`] = `176586`;

exports[`QuoterV2 quotes #quoteExactOutput 2 -> 0 cross 2 where tick after is initialized 1`] = `176580`;

exports[`QuoterV2 quotes #quoteExactOutput 2 -> 1 1`] = `99253`;

exports[`QuoterV2 quotes #quoteExactOutputSingle 0 -> 1 1`] = `106584`;

exports[`QuoterV2 quotes #quoteExactOutputSingle 1 -> 0 1`] = `99895`;
